Archive member included because of file (symbol)

d:/courses/imt/imt tools/sdk/imt_sdk_win_64/winavr/bin/../lib/gcc/avr/4.3.3/avr5\libgcc.a(_mulsi3.o)
                              ./SERVO_program.o (__mulsi3)
d:/courses/imt/imt tools/sdk/imt_sdk_win_64/winavr/bin/../lib/gcc/avr/4.3.3/avr5\libgcc.a(_udivmodhi4.o)
                              ./TIMER0_program.o (__udivmodhi4)
d:/courses/imt/imt tools/sdk/imt_sdk_win_64/winavr/bin/../lib/gcc/avr/4.3.3/avr5\libgcc.a(_udivmodsi4.o)
                              ./CLCD_program.o (__udivmodsi4)
d:/courses/imt/imt tools/sdk/imt_sdk_win_64/winavr/bin/../lib/gcc/avr/4.3.3/avr5\libgcc.a(_divmodsi4.o)
                              ./main.o (__divmodsi4)
d:/courses/imt/imt tools/sdk/imt_sdk_win_64/winavr/bin/../lib/gcc/avr/4.3.3/avr5\libgcc.a(_exit.o)
                              d:/courses/imt/imt tools/sdk/imt_sdk_win_64/winavr/bin/../lib/gcc/avr/4.3.3/../../../../avr/lib/avr5/crtm32.o (exit)
d:/courses/imt/imt tools/sdk/imt_sdk_win_64/winavr/bin/../lib/gcc/avr/4.3.3/avr5\libgcc.a(_copy_data.o)
                              ./KPD_program.o (__do_copy_data)
d:/courses/imt/imt tools/sdk/imt_sdk_win_64/winavr/bin/../lib/gcc/avr/4.3.3/avr5\libgcc.a(_clear_bss.o)
                              ./ADC_program.o (__do_clear_bss)
d:/courses/imt/imt tools/sdk/imt_sdk_win_64/winavr/bin/../lib/gcc/avr/4.3.3/avr5\libgcc.a(_fixunssfsi.o)
                              ./CLCD_program.o (__fixunssfsi)
d:/courses/imt/imt tools/sdk/imt_sdk_win_64/winavr/bin/../lib/gcc/avr/4.3.3/avr5\libgcc.a(_addsub_sf.o)
                              d:/courses/imt/imt tools/sdk/imt_sdk_win_64/winavr/bin/../lib/gcc/avr/4.3.3/avr5\libgcc.a(_fixunssfsi.o) (__subsf3)
d:/courses/imt/imt tools/sdk/imt_sdk_win_64/winavr/bin/../lib/gcc/avr/4.3.3/avr5\libgcc.a(_mul_sf.o)
                              ./CLCD_program.o (__mulsf3)
d:/courses/imt/imt tools/sdk/imt_sdk_win_64/winavr/bin/../lib/gcc/avr/4.3.3/avr5\libgcc.a(_gt_sf.o)
                              ./CLCD_program.o (__gtsf2)
d:/courses/imt/imt tools/sdk/imt_sdk_win_64/winavr/bin/../lib/gcc/avr/4.3.3/avr5\libgcc.a(_ge_sf.o)
                              d:/courses/imt/imt tools/sdk/imt_sdk_win_64/winavr/bin/../lib/gcc/avr/4.3.3/avr5\libgcc.a(_fixunssfsi.o) (__gesf2)
d:/courses/imt/imt tools/sdk/imt_sdk_win_64/winavr/bin/../lib/gcc/avr/4.3.3/avr5\libgcc.a(_lt_sf.o)
                              ./CLCD_program.o (__ltsf2)
d:/courses/imt/imt tools/sdk/imt_sdk_win_64/winavr/bin/../lib/gcc/avr/4.3.3/avr5\libgcc.a(_sf_to_si.o)
                              d:/courses/imt/imt tools/sdk/imt_sdk_win_64/winavr/bin/../lib/gcc/avr/4.3.3/avr5\libgcc.a(_fixunssfsi.o) (__fixsfsi)
d:/courses/imt/imt tools/sdk/imt_sdk_win_64/winavr/bin/../lib/gcc/avr/4.3.3/avr5\libgcc.a(_thenan_sf.o)
                              d:/courses/imt/imt tools/sdk/imt_sdk_win_64/winavr/bin/../lib/gcc/avr/4.3.3/avr5\libgcc.a(_addsub_sf.o) (__thenan_sf)
d:/courses/imt/imt tools/sdk/imt_sdk_win_64/winavr/bin/../lib/gcc/avr/4.3.3/avr5\libgcc.a(_prologue.o)
                              d:/courses/imt/imt tools/sdk/imt_sdk_win_64/winavr/bin/../lib/gcc/avr/4.3.3/avr5\libgcc.a(_addsub_sf.o) (__prologue_saves__)
d:/courses/imt/imt tools/sdk/imt_sdk_win_64/winavr/bin/../lib/gcc/avr/4.3.3/avr5\libgcc.a(_epilogue.o)
                              d:/courses/imt/imt tools/sdk/imt_sdk_win_64/winavr/bin/../lib/gcc/avr/4.3.3/avr5\libgcc.a(_addsub_sf.o) (__epilogue_restores__)
d:/courses/imt/imt tools/sdk/imt_sdk_win_64/winavr/bin/../lib/gcc/avr/4.3.3/avr5\libgcc.a(_pack_sf.o)
                              d:/courses/imt/imt tools/sdk/imt_sdk_win_64/winavr/bin/../lib/gcc/avr/4.3.3/avr5\libgcc.a(_addsub_sf.o) (__pack_f)
d:/courses/imt/imt tools/sdk/imt_sdk_win_64/winavr/bin/../lib/gcc/avr/4.3.3/avr5\libgcc.a(_unpack_sf.o)
                              d:/courses/imt/imt tools/sdk/imt_sdk_win_64/winavr/bin/../lib/gcc/avr/4.3.3/avr5\libgcc.a(_addsub_sf.o) (__unpack_f)
d:/courses/imt/imt tools/sdk/imt_sdk_win_64/winavr/bin/../lib/gcc/avr/4.3.3/avr5\libgcc.a(_fpcmp_parts_sf.o)
                              d:/courses/imt/imt tools/sdk/imt_sdk_win_64/winavr/bin/../lib/gcc/avr/4.3.3/avr5\libgcc.a(_gt_sf.o) (__fpcmp_parts_f)

Allocating common symbols
Common symbol       size              file

App_u8ADCReading1   0x1               ./main.o
App_u8ADCReading2   0x1               ./main.o

Memory Configuration

Name             Origin             Length             Attributes
text             0x00000000         0x00020000         xr
data             0x00800060         0x0000ffa0         rw !x
eeprom           0x00810000         0x00010000         rw !x
fuse             0x00820000         0x00000400         rw !x
lock             0x00830000         0x00000400         rw !x
signature        0x00840000         0x00000400         rw !x
*default*        0x00000000         0xffffffff

Linker script and memory map

LOAD d:/courses/imt/imt tools/sdk/imt_sdk_win_64/winavr/bin/../lib/gcc/avr/4.3.3/../../../../avr/lib/avr5/crtm32.o
LOAD ./ADC_program.o
LOAD ./CLCD_program.o
LOAD ./DIO_program.o
LOAD ./GIE_program.o
LOAD ./KPD_program.o
LOAD ./PORT_program.o
LOAD ./SERVO_program.o
LOAD ./SPI_program.o
LOAD ./SSD_program.o
LOAD ./TIMER0_program.o
LOAD ./TIMER1_program.o
LOAD ./TIMER2_program.o
LOAD ./main.o
LOAD d:/courses/imt/imt tools/sdk/imt_sdk_win_64/winavr/bin/../lib/gcc/avr/4.3.3/avr5\libgcc.a
LOAD d:/courses/imt/imt tools/sdk/imt_sdk_win_64/winavr/bin/../lib/gcc/avr/4.3.3/../../../../avr/lib/avr5\libc.a
LOAD d:/courses/imt/imt tools/sdk/imt_sdk_win_64/winavr/bin/../lib/gcc/avr/4.3.3/avr5\libgcc.a

.hash
 *(.hash)

.dynsym
 *(.dynsym)

.dynstr
 *(.dynstr)

.gnu.version
 *(.gnu.version)

.gnu.version_d
 *(.gnu.version_d)

.gnu.version_r
 *(.gnu.version_r)

.rel.init
 *(.rel.init)

.rela.init
 *(.rela.init)

.rel.text
 *(.rel.text)
 *(.rel.text.*)
 *(.rel.gnu.linkonce.t*)

.rela.text
 *(.rela.text)
 *(.rela.text.*)
 *(.rela.gnu.linkonce.t*)

.rel.fini
 *(.rel.fini)

.rela.fini
 *(.rela.fini)

.rel.rodata
 *(.rel.rodata)
 *(.rel.rodata.*)
 *(.rel.gnu.linkonce.r*)

.rela.rodata
 *(.rela.rodata)
 *(.rela.rodata.*)
 *(.rela.gnu.linkonce.r*)

.rel.data
 *(.rel.data)
 *(.rel.data.*)
 *(.rel.gnu.linkonce.d*)

.rela.data
 *(.rela.data)
 *(.rela.data.*)
 *(.rela.gnu.linkonce.d*)

.rel.ctors
 *(.rel.ctors)

.rela.ctors
 *(.rela.ctors)

.rel.dtors
 *(.rel.dtors)

.rela.dtors
 *(.rela.dtors)

.rel.got
 *(.rel.got)

.rela.got
 *(.rela.got)

.rel.bss
 *(.rel.bss)

.rela.bss
 *(.rela.bss)

.rel.plt
 *(.rel.plt)

.rela.plt
 *(.rela.plt)

.text           0x00000000     0x562c
 *(.vectors)
 .vectors       0x00000000       0x54 d:/courses/imt/imt tools/sdk/imt_sdk_win_64/winavr/bin/../lib/gcc/avr/4.3.3/../../../../avr/lib/avr5/crtm32.o
                0x00000000                __vectors
                0x00000000                __vector_default
 *(.vectors)
 *(.progmem.gcc*)
 *(.progmem*)
                0x00000054                . = ALIGN (0x2)
                0x00000054                __trampolines_start = .
 *(.trampolines)
 .trampolines   0x00000054        0x0 linker stubs
 *(.trampolines*)
                0x00000054                __trampolines_end = .
 *(.jumptables)
 *(.jumptables*)
 *(.lowtext)
 *(.lowtext*)
                0x00000054                __ctors_start = .
 *(.ctors)
                0x00000054                __ctors_end = .
                0x00000054                __dtors_start = .
 *(.dtors)
                0x00000054                __dtors_end = .
 SORT(*)(.ctors)
 SORT(*)(.dtors)
 *(.init0)
 .init0         0x00000054        0x0 d:/courses/imt/imt tools/sdk/imt_sdk_win_64/winavr/bin/../lib/gcc/avr/4.3.3/../../../../avr/lib/avr5/crtm32.o
                0x00000054                __init
 *(.init0)
 *(.init1)
 *(.init1)
 *(.init2)
 .init2         0x00000054        0xc d:/courses/imt/imt tools/sdk/imt_sdk_win_64/winavr/bin/../lib/gcc/avr/4.3.3/../../../../avr/lib/avr5/crtm32.o
 *(.init2)
 *(.init3)
 *(.init3)
 *(.init4)
 .init4         0x00000060       0x16 d:/courses/imt/imt tools/sdk/imt_sdk_win_64/winavr/bin/../lib/gcc/avr/4.3.3/avr5\libgcc.a(_copy_data.o)
                0x00000060                __do_copy_data
 .init4         0x00000076       0x10 d:/courses/imt/imt tools/sdk/imt_sdk_win_64/winavr/bin/../lib/gcc/avr/4.3.3/avr5\libgcc.a(_clear_bss.o)
                0x00000076                __do_clear_bss
 *(.init4)
 *(.init5)
 *(.init5)
 *(.init6)
 *(.init6)
 *(.init7)
 *(.init7)
 *(.init8)
 *(.init8)
 *(.init9)
 .init9         0x00000086        0x8 d:/courses/imt/imt tools/sdk/imt_sdk_win_64/winavr/bin/../lib/gcc/avr/4.3.3/../../../../avr/lib/avr5/crtm32.o
 *(.init9)
 *(.text)
 .text          0x0000008e        0x4 d:/courses/imt/imt tools/sdk/imt_sdk_win_64/winavr/bin/../lib/gcc/avr/4.3.3/../../../../avr/lib/avr5/crtm32.o
                0x0000008e                __vector_1
                0x0000008e                __bad_interrupt
                0x0000008e                __vector_3
                0x0000008e                __vector_13
                0x0000008e                __vector_17
                0x0000008e                __vector_19
                0x0000008e                __vector_2
                0x0000008e                __vector_15
                0x0000008e                __vector_14
                0x0000008e                __vector_18
                0x0000008e                __vector_20
 .text          0x00000092        0x0 ./ADC_program.o
 .text          0x00000092        0x0 ./CLCD_program.o
 .text          0x00000092        0x0 ./DIO_program.o
 .text          0x00000092        0x0 ./GIE_program.o
 .text          0x00000092        0x0 ./KPD_program.o
 .text          0x00000092        0x0 ./PORT_program.o
 .text          0x00000092        0x0 ./SERVO_program.o
 .text          0x00000092        0x0 ./SPI_program.o
 .text          0x00000092        0x0 ./SSD_program.o
 .text          0x00000092        0x0 ./TIMER0_program.o
 .text          0x00000092        0x0 ./TIMER1_program.o
 .text          0x00000092        0x0 ./TIMER2_program.o
 .text          0x00000092        0x0 ./main.o
 .text          0x00000092        0x0 d:/courses/imt/imt tools/sdk/imt_sdk_win_64/winavr/bin/../lib/gcc/avr/4.3.3/avr5\libgcc.a(_mulsi3.o)
 .text          0x00000092        0x0 d:/courses/imt/imt tools/sdk/imt_sdk_win_64/winavr/bin/../lib/gcc/avr/4.3.3/avr5\libgcc.a(_udivmodhi4.o)
 .text          0x00000092        0x0 d:/courses/imt/imt tools/sdk/imt_sdk_win_64/winavr/bin/../lib/gcc/avr/4.3.3/avr5\libgcc.a(_udivmodsi4.o)
 .text          0x00000092        0x0 d:/courses/imt/imt tools/sdk/imt_sdk_win_64/winavr/bin/../lib/gcc/avr/4.3.3/avr5\libgcc.a(_divmodsi4.o)
 .text          0x00000092        0x0 d:/courses/imt/imt tools/sdk/imt_sdk_win_64/winavr/bin/../lib/gcc/avr/4.3.3/avr5\libgcc.a(_exit.o)
 .text          0x00000092        0x0 d:/courses/imt/imt tools/sdk/imt_sdk_win_64/winavr/bin/../lib/gcc/avr/4.3.3/avr5\libgcc.a(_copy_data.o)
 .text          0x00000092        0x0 d:/courses/imt/imt tools/sdk/imt_sdk_win_64/winavr/bin/../lib/gcc/avr/4.3.3/avr5\libgcc.a(_clear_bss.o)
 .text          0x00000092       0x58 d:/courses/imt/imt tools/sdk/imt_sdk_win_64/winavr/bin/../lib/gcc/avr/4.3.3/avr5\libgcc.a(_fixunssfsi.o)
                0x00000092                __fixunssfsi
 .text          0x000000ea      0x354 d:/courses/imt/imt tools/sdk/imt_sdk_win_64/winavr/bin/../lib/gcc/avr/4.3.3/avr5\libgcc.a(_addsub_sf.o)
                0x00000382                __subsf3
                0x000003e4                __addsf3
 .text          0x0000043e      0x1f4 d:/courses/imt/imt tools/sdk/imt_sdk_win_64/winavr/bin/../lib/gcc/avr/4.3.3/avr5\libgcc.a(_mul_sf.o)
                0x0000043e                __mulsf3
 .text          0x00000632       0x60 d:/courses/imt/imt tools/sdk/imt_sdk_win_64/winavr/bin/../lib/gcc/avr/4.3.3/avr5\libgcc.a(_gt_sf.o)
                0x00000632                __gtsf2
 .text          0x00000692       0x60 d:/courses/imt/imt tools/sdk/imt_sdk_win_64/winavr/bin/../lib/gcc/avr/4.3.3/avr5\libgcc.a(_ge_sf.o)
                0x00000692                __gesf2
 .text          0x000006f2       0x60 d:/courses/imt/imt tools/sdk/imt_sdk_win_64/winavr/bin/../lib/gcc/avr/4.3.3/avr5\libgcc.a(_lt_sf.o)
                0x000006f2                __ltsf2
 .text          0x00000752       0xa8 d:/courses/imt/imt tools/sdk/imt_sdk_win_64/winavr/bin/../lib/gcc/avr/4.3.3/avr5\libgcc.a(_sf_to_si.o)
                0x00000752                __fixsfsi
 .text          0x000007fa        0x0 d:/courses/imt/imt tools/sdk/imt_sdk_win_64/winavr/bin/../lib/gcc/avr/4.3.3/avr5\libgcc.a(_thenan_sf.o)
 .text          0x000007fa        0x0 d:/courses/imt/imt tools/sdk/imt_sdk_win_64/winavr/bin/../lib/gcc/avr/4.3.3/avr5\libgcc.a(_prologue.o)
 .text          0x000007fa        0x0 d:/courses/imt/imt tools/sdk/imt_sdk_win_64/winavr/bin/../lib/gcc/avr/4.3.3/avr5\libgcc.a(_epilogue.o)
 .text          0x000007fa      0x1aa d:/courses/imt/imt tools/sdk/imt_sdk_win_64/winavr/bin/../lib/gcc/avr/4.3.3/avr5\libgcc.a(_pack_sf.o)
                0x000007fa                __pack_f
 .text          0x000009a4       0xf0 d:/courses/imt/imt tools/sdk/imt_sdk_win_64/winavr/bin/../lib/gcc/avr/4.3.3/avr5\libgcc.a(_unpack_sf.o)
                0x000009a4                __unpack_f
 .text          0x00000a94       0xb2 d:/courses/imt/imt tools/sdk/imt_sdk_win_64/winavr/bin/../lib/gcc/avr/4.3.3/avr5\libgcc.a(_fpcmp_parts_sf.o)
                0x00000a94                __fpcmp_parts_f
                0x00000b46                . = ALIGN (0x2)
 *(.text.*)
 .text.ADC_voidInit
                0x00000b46       0x62 ./ADC_program.o
                0x00000b46                ADC_voidInit
 .text.ADC_u8StartConversionSynch
                0x00000ba8       0xfa ./ADC_program.o
                0x00000ba8                ADC_u8StartConversionSynch
 .text.ADC_u8StartConversionASynch
                0x00000ca2       0xaa ./ADC_program.o
                0x00000ca2                ADC_u8StartConversionASynch
 .text.ADC_u8ChainInitAsynch
                0x00000d4c       0x76 ./ADC_program.o
                0x00000d4c                ADC_u8ChainInitAsynch
 .text.ADC_u8StartChainConvertionAsynch
                0x00000dc2       0xe6 ./ADC_program.o
                0x00000dc2                ADC_u8StartChainConvertionAsynch
 .text.__vector_16
                0x00000ea8      0x124 ./ADC_program.o
                0x00000ea8                __vector_16
 .text.CLCD_voidSendCommand
                0x00000fcc      0x13c ./CLCD_program.o
                0x00000fcc                CLCD_voidSendCommand
 .text.CLCD_voidSendData
                0x00001108      0x13c ./CLCD_program.o
                0x00001108                CLCD_voidSendData
 .text.CLCD_voidInit
                0x00001244      0x11c ./CLCD_program.o
                0x00001244                CLCD_voidInit
 .text.CLCD_voidSendString
                0x00001360       0x52 ./CLCD_program.o
                0x00001360                CLCD_voidSendString
 .text.CLCD_voidGoToXY
                0x000013b2       0x3c ./CLCD_program.o
                0x000013b2                CLCD_voidGoToXY
 .text.CLCD_voidWriteSpecialCharacter
                0x000013ee       0x82 ./CLCD_program.o
                0x000013ee                CLCD_voidWriteSpecialCharacter
 .text.CLCD_voidWriteNumber
                0x00001470      0x168 ./CLCD_program.o
                0x00001470                CLCD_voidWriteNumber
 .text.DIO_u8SetPinValue
                0x000015d8      0x224 ./DIO_program.o
                0x000015d8                DIO_u8SetPinValue
 .text.DIO_u8SetPortValue
                0x000017fc       0x90 ./DIO_program.o
                0x000017fc                DIO_u8SetPortValue
 .text.DIO_u8GetPinValue
                0x0000188c      0x130 ./DIO_program.o
                0x0000188c                DIO_u8GetPinValue
 .text.GIE_voidEnable
                0x000019bc       0x1c ./GIE_program.o
                0x000019bc                GIE_voidEnable
 .text.GIE_voidDisable
                0x000019d8       0x1c ./GIE_program.o
                0x000019d8                GIE_voidDisable
 .text.KPD_u8GetPressedKey
                0x000019f4       0xf0 ./KPD_program.o
                0x000019f4                KPD_u8GetPressedKey
 .text.PORT_voidInit
                0x00001ae4       0x4a ./PORT_program.o
                0x00001ae4                PORT_voidInit
 .text.SERVO_voidInit
                0x00001b2e       0x2e ./SERVO_program.o
                0x00001b2e                SERVO_voidInit
 .text.SERVO_voidSetAngle
                0x00001b5c       0x5c ./SERVO_program.o
                0x00001b5c                SERVO_voidSetAngle
 .text.SPI_voidInit
                0x00001bb8       0x7e ./SPI_program.o
                0x00001bb8                SPI_voidInit
 .text.SPI_u8TransceiveSynch
                0x00001c36       0xb2 ./SPI_program.o
                0x00001c36                SPI_u8TransceiveSynch
 .text.SPI_u8TransceiveASynch
                0x00001ce8       0xa2 ./SPI_program.o
                0x00001ce8                SPI_u8TransceiveASynch
 .text.__vector_12
                0x00001d8a       0x7c ./SPI_program.o
                0x00001d8a                __vector_12
 .text.SSD_voidSetNumber
                0x00001e06       0xea ./SSD_program.o
                0x00001e06                SSD_voidSetNumber
 .text.SSD_voidMultiplex
                0x00001ef0      0x236 ./SSD_program.o
                0x00001ef0                SSD_voidMultiplex
 .text.TIMER0_voidInit
                0x00002126       0xf0 ./TIMER0_program.o
                0x00002126                TIMER0_voidInit
 .text.TIMER0_voidSetCompMatchOutputMode
                0x00002216       0x98 ./TIMER0_program.o
                0x00002216                TIMER0_voidSetCompMatchOutputMode
 .text.TIMER0_voidSetCompMatchValue
                0x000022ae       0x1c ./TIMER0_program.o
                0x000022ae                TIMER0_voidSetCompMatchValue
 .text.TIMER0_voidSetTimerValue
                0x000022ca       0x1c ./TIMER0_program.o
                0x000022ca                TIMER0_voidSetTimerValue
 .text.TIMER0_u8ReadTimerValue
                0x000022e6       0x14 ./TIMER0_program.o
                0x000022e6                TIMER0_u8ReadTimerValue
 .text.TIMER0_voidCompMatchInterruptEnable
                0x000022fa       0x1c ./TIMER0_program.o
                0x000022fa                TIMER0_voidCompMatchInterruptEnable
 .text.TIMER0_voidCompMatchInterruptDisable
                0x00002316       0x1c ./TIMER0_program.o
                0x00002316                TIMER0_voidCompMatchInterruptDisable
 .text.TIMER0_voidOVFInterruptEnable
                0x00002332       0x1c ./TIMER0_program.o
                0x00002332                TIMER0_voidOVFInterruptEnable
 .text.TIMER0_voidOVFInterruptDisable
                0x0000234e       0x1c ./TIMER0_program.o
                0x0000234e                TIMER0_voidOVFInterruptDisable
 .text.TIMER0_voidSetDutyCycle
                0x0000236a       0x64 ./TIMER0_program.o
                0x0000236a                TIMER0_voidSetDutyCycle
 .text.TIMER0_u8SetCallBack
                0x000023ce       0x4a ./TIMER0_program.o
                0x000023ce                TIMER0_u8SetCallBack
 .text.__vector_10
                0x00002418       0x66 ./TIMER0_program.o
                0x00002418                __vector_10
 .text.__vector_11
                0x0000247e       0x66 ./TIMER0_program.o
                0x0000247e                __vector_11
 .text.TIMER1_voidInit
                0x000024e4      0x468 ./TIMER1_program.o
                0x000024e4                TIMER1_voidInit
 .text.TIMER1_voidSetCompareOutputMode
                0x0000294c      0x160 ./TIMER1_program.o
                0x0000294c                TIMER1_voidSetCompareOutputMode
 .text.TIMER1_voidSetChannelACompMatchValue
                0x00002aac       0x24 ./TIMER1_program.o
                0x00002aac                TIMER1_voidSetChannelACompMatchValue
 .text.TIMER1_voidSetChannelBCompMatchValue
                0x00002ad0       0x24 ./TIMER1_program.o
                0x00002ad0                TIMER1_voidSetChannelBCompMatchValue
 .text.TIMER1_voidSetTimerValue
                0x00002af4       0x24 ./TIMER1_program.o
                0x00002af4                TIMER1_voidSetTimerValue
 .text.TIMER1_u16ReadTimerValue
                0x00002b18       0x16 ./TIMER1_program.o
                0x00002b18                TIMER1_u16ReadTimerValue
 .text.PWM1_voidInit
                0x00002b2e       0x1e ./TIMER1_program.o
                0x00002b2e                PWM1_voidInit
 .text.PWM1_voidDutyCycle
                0x00002b4c       0x98 ./TIMER1_program.o
                0x00002b4c                PWM1_voidDutyCycle
 .text.ICU_voidInit
                0x00002be4       0x2a ./TIMER1_program.o
                0x00002be4                ICU_voidInit
 .text.ICU_u8SetTriggerEdge
                0x00002c0e       0x4a ./TIMER1_program.o
                0x00002c0e                ICU_u8SetTriggerEdge
 .text.ICU_voidEnableInterrupt
                0x00002c58       0x1c ./TIMER1_program.o
                0x00002c58                ICU_voidEnableInterrupt
 .text.ICU_voidDisableInterrupt
                0x00002c74       0x1c ./TIMER1_program.o
                0x00002c74                ICU_voidDisableInterrupt
 .text.ICU_u16ReadInputCaptureRegister
                0x00002c90       0x16 ./TIMER1_program.o
                0x00002c90                ICU_u16ReadInputCaptureRegister
 .text.ICU_voidSetInputCaptureRegister
                0x00002ca6       0x24 ./TIMER1_program.o
                0x00002ca6                ICU_voidSetInputCaptureRegister
 .text.TIMER1_voidOVFInterrruptEnable
                0x00002cca       0x1c ./TIMER1_program.o
                0x00002cca                TIMER1_voidOVFInterrruptEnable
 .text.TIMER1_voidOVFInterrruptDisable
                0x00002ce6       0x1c ./TIMER1_program.o
                0x00002ce6                TIMER1_voidOVFInterrruptDisable
 .text.TIMER1_u8SetCallBack
                0x00002d02       0x4a ./TIMER1_program.o
                0x00002d02                TIMER1_u8SetCallBack
 .text.__vector_6
                0x00002d4c       0x66 ./TIMER1_program.o
                0x00002d4c                __vector_6
 .text.__vector_7
                0x00002db2       0x66 ./TIMER1_program.o
                0x00002db2                __vector_7
 .text.__vector_8
                0x00002e18       0x66 ./TIMER1_program.o
                0x00002e18                __vector_8
 .text.__vector_9
                0x00002e7e       0x66 ./TIMER1_program.o
                0x00002e7e                __vector_9
 .text.TIMER2_voidInit
                0x00002ee4       0xf0 ./TIMER2_program.o
                0x00002ee4                TIMER2_voidInit
 .text.TIMER2_voidSetCompMatchOutputMode
                0x00002fd4       0x98 ./TIMER2_program.o
                0x00002fd4                TIMER2_voidSetCompMatchOutputMode
 .text.TIMER2_voidSetCompMatchValue
                0x0000306c       0x1c ./TIMER2_program.o
                0x0000306c                TIMER2_voidSetCompMatchValue
 .text.TIMER2_voidSetTimerValue
                0x00003088       0x1c ./TIMER2_program.o
                0x00003088                TIMER2_voidSetTimerValue
 .text.TIMER2_u8ReadTimerValue
                0x000030a4       0x14 ./TIMER2_program.o
                0x000030a4                TIMER2_u8ReadTimerValue
 .text.TIMER2_voidCompMatchInterruptEnable
                0x000030b8       0x1c ./TIMER2_program.o
                0x000030b8                TIMER2_voidCompMatchInterruptEnable
 .text.TIMER2_voidCompMatchInterruptDisable
                0x000030d4       0x1c ./TIMER2_program.o
                0x000030d4                TIMER2_voidCompMatchInterruptDisable
 .text.TIMER2_voidOVFInterruptEnable
                0x000030f0       0x1c ./TIMER2_program.o
                0x000030f0                TIMER2_voidOVFInterruptEnable
 .text.TIMER2_voidOVFInterruptDisable
                0x0000310c       0x1c ./TIMER2_program.o
                0x0000310c                TIMER2_voidOVFInterruptDisable
 .text.TIMER2_voidSetDutyCycle
                0x00003128       0x64 ./TIMER2_program.o
                0x00003128                TIMER2_voidSetDutyCycle
 .text.TIMER2_u8SetCallBack
                0x0000318c       0x4a ./TIMER2_program.o
                0x0000318c                TIMER2_u8SetCallBack
 .text.__vector_4
                0x000031d6       0x66 ./TIMER2_program.o
                0x000031d6                __vector_4
 .text.__vector_5
                0x0000323c       0x66 ./TIMER2_program.o
                0x0000323c                __vector_5
 .text.main     0x000032a2     0x10ce ./main.o
                0x000032a2                main
 .text.Start    0x00004370      0xd04 ./main.o
                0x00004370                Start
 .text.Door     0x00005074      0x324 ./main.o
                0x00005074                Door
 .text.Map      0x00005398      0x142 ./main.o
                0x00005398                Map
 .text.libgcc   0x000054da       0x3e d:/courses/imt/imt tools/sdk/imt_sdk_win_64/winavr/bin/../lib/gcc/avr/4.3.3/avr5\libgcc.a(_mulsi3.o)
                0x000054da                __mulsi3
 .text.libgcc   0x00005518       0x28 d:/courses/imt/imt tools/sdk/imt_sdk_win_64/winavr/bin/../lib/gcc/avr/4.3.3/avr5\libgcc.a(_udivmodhi4.o)
                0x00005518                __udivmodhi4
 .text.libgcc   0x00005540       0x44 d:/courses/imt/imt tools/sdk/imt_sdk_win_64/winavr/bin/../lib/gcc/avr/4.3.3/avr5\libgcc.a(_udivmodsi4.o)
                0x00005540                __udivmodsi4
 .text.libgcc   0x00005584       0x36 d:/courses/imt/imt tools/sdk/imt_sdk_win_64/winavr/bin/../lib/gcc/avr/4.3.3/avr5\libgcc.a(_divmodsi4.o)
                0x00005584                __divmodsi4
 .text.libgcc   0x000055ba        0x0 d:/courses/imt/imt tools/sdk/imt_sdk_win_64/winavr/bin/../lib/gcc/avr/4.3.3/avr5\libgcc.a(_exit.o)
 .text.libgcc   0x000055ba        0x0 d:/courses/imt/imt tools/sdk/imt_sdk_win_64/winavr/bin/../lib/gcc/avr/4.3.3/avr5\libgcc.a(_copy_data.o)
 .text.libgcc   0x000055ba        0x0 d:/courses/imt/imt tools/sdk/imt_sdk_win_64/winavr/bin/../lib/gcc/avr/4.3.3/avr5\libgcc.a(_clear_bss.o)
 .text.libgcc   0x000055ba       0x38 d:/courses/imt/imt tools/sdk/imt_sdk_win_64/winavr/bin/../lib/gcc/avr/4.3.3/avr5\libgcc.a(_prologue.o)
                0x000055ba                __prologue_saves__
 .text.libgcc   0x000055f2       0x36 d:/courses/imt/imt tools/sdk/imt_sdk_win_64/winavr/bin/../lib/gcc/avr/4.3.3/avr5\libgcc.a(_epilogue.o)
                0x000055f2                __epilogue_restores__
                0x00005628                . = ALIGN (0x2)
 *(.fini9)
 .fini9         0x00005628        0x0 d:/courses/imt/imt tools/sdk/imt_sdk_win_64/winavr/bin/../lib/gcc/avr/4.3.3/avr5\libgcc.a(_exit.o)
                0x00005628                exit
                0x00005628                _exit
 *(.fini9)
 *(.fini8)
 *(.fini8)
 *(.fini7)
 *(.fini7)
 *(.fini6)
 *(.fini6)
 *(.fini5)
 *(.fini5)
 *(.fini4)
 *(.fini4)
 *(.fini3)
 *(.fini3)
 *(.fini2)
 *(.fini2)
 *(.fini1)
 *(.fini1)
 *(.fini0)
 .fini0         0x00005628        0x4 d:/courses/imt/imt tools/sdk/imt_sdk_win_64/winavr/bin/../lib/gcc/avr/4.3.3/avr5\libgcc.a(_exit.o)
 *(.fini0)
                0x0000562c                _etext = .

.data           0x00800060      0x15a load address 0x0000562c
                0x00800060                PROVIDE (__data_start, .)
 *(.data)
 .data          0x00800060        0x0 d:/courses/imt/imt tools/sdk/imt_sdk_win_64/winavr/bin/../lib/gcc/avr/4.3.3/../../../../avr/lib/avr5/crtm32.o
 .data          0x00800060        0x0 ./ADC_program.o
 .data          0x00800060        0x0 ./CLCD_program.o
 .data          0x00800060        0x0 ./DIO_program.o
 .data          0x00800060        0x0 ./GIE_program.o
 .data          0x00800060        0x0 ./KPD_program.o
 .data          0x00800060        0x0 ./PORT_program.o
 .data          0x00800060        0x0 ./SERVO_program.o
 .data          0x00800060        0x0 ./SPI_program.o
 .data          0x00800060        0x0 ./SSD_program.o
 .data          0x00800060        0x0 ./TIMER0_program.o
 .data          0x00800060        0x0 ./TIMER1_program.o
 .data          0x00800060        0x0 ./TIMER2_program.o
 .data          0x00800060      0x128 ./main.o
 .data          0x00800188        0x0 d:/courses/imt/imt tools/sdk/imt_sdk_win_64/winavr/bin/../lib/gcc/avr/4.3.3/avr5\libgcc.a(_mulsi3.o)
 .data          0x00800188        0x0 d:/courses/imt/imt tools/sdk/imt_sdk_win_64/winavr/bin/../lib/gcc/avr/4.3.3/avr5\libgcc.a(_udivmodhi4.o)
 .data          0x00800188        0x0 d:/courses/imt/imt tools/sdk/imt_sdk_win_64/winavr/bin/../lib/gcc/avr/4.3.3/avr5\libgcc.a(_udivmodsi4.o)
 .data          0x00800188        0x0 d:/courses/imt/imt tools/sdk/imt_sdk_win_64/winavr/bin/../lib/gcc/avr/4.3.3/avr5\libgcc.a(_divmodsi4.o)
 .data          0x00800188        0x0 d:/courses/imt/imt tools/sdk/imt_sdk_win_64/winavr/bin/../lib/gcc/avr/4.3.3/avr5\libgcc.a(_exit.o)
 .data          0x00800188        0x0 d:/courses/imt/imt tools/sdk/imt_sdk_win_64/winavr/bin/../lib/gcc/avr/4.3.3/avr5\libgcc.a(_copy_data.o)
 .data          0x00800188        0x0 d:/courses/imt/imt tools/sdk/imt_sdk_win_64/winavr/bin/../lib/gcc/avr/4.3.3/avr5\libgcc.a(_clear_bss.o)
 .data          0x00800188        0x0 d:/courses/imt/imt tools/sdk/imt_sdk_win_64/winavr/bin/../lib/gcc/avr/4.3.3/avr5\libgcc.a(_fixunssfsi.o)
 .data          0x00800188        0x0 d:/courses/imt/imt tools/sdk/imt_sdk_win_64/winavr/bin/../lib/gcc/avr/4.3.3/avr5\libgcc.a(_addsub_sf.o)
 .data          0x00800188        0x0 d:/courses/imt/imt tools/sdk/imt_sdk_win_64/winavr/bin/../lib/gcc/avr/4.3.3/avr5\libgcc.a(_mul_sf.o)
 .data          0x00800188        0x0 d:/courses/imt/imt tools/sdk/imt_sdk_win_64/winavr/bin/../lib/gcc/avr/4.3.3/avr5\libgcc.a(_gt_sf.o)
 .data          0x00800188        0x0 d:/courses/imt/imt tools/sdk/imt_sdk_win_64/winavr/bin/../lib/gcc/avr/4.3.3/avr5\libgcc.a(_ge_sf.o)
 .data          0x00800188        0x0 d:/courses/imt/imt tools/sdk/imt_sdk_win_64/winavr/bin/../lib/gcc/avr/4.3.3/avr5\libgcc.a(_lt_sf.o)
 .data          0x00800188        0x0 d:/courses/imt/imt tools/sdk/imt_sdk_win_64/winavr/bin/../lib/gcc/avr/4.3.3/avr5\libgcc.a(_sf_to_si.o)
 .data          0x00800188        0x8 d:/courses/imt/imt tools/sdk/imt_sdk_win_64/winavr/bin/../lib/gcc/avr/4.3.3/avr5\libgcc.a(_thenan_sf.o)
                0x00800188                __thenan_sf
 .data          0x00800190        0x0 d:/courses/imt/imt tools/sdk/imt_sdk_win_64/winavr/bin/../lib/gcc/avr/4.3.3/avr5\libgcc.a(_prologue.o)
 .data          0x00800190        0x0 d:/courses/imt/imt tools/sdk/imt_sdk_win_64/winavr/bin/../lib/gcc/avr/4.3.3/avr5\libgcc.a(_epilogue.o)
 .data          0x00800190        0x0 d:/courses/imt/imt tools/sdk/imt_sdk_win_64/winavr/bin/../lib/gcc/avr/4.3.3/avr5\libgcc.a(_pack_sf.o)
 .data          0x00800190        0x0 d:/courses/imt/imt tools/sdk/imt_sdk_win_64/winavr/bin/../lib/gcc/avr/4.3.3/avr5\libgcc.a(_unpack_sf.o)
 .data          0x00800190        0x0 d:/courses/imt/imt tools/sdk/imt_sdk_win_64/winavr/bin/../lib/gcc/avr/4.3.3/avr5\libgcc.a(_fpcmp_parts_sf.o)
 *(.data*)
 .data.Local_u8KPDRowArr.1208
                0x00800190        0x4 ./KPD_program.o
 .data.Local_u8KPDColumnArr.1207
                0x00800194        0x4 ./KPD_program.o
 .data.Local_u8KPDArr.1206
                0x00800198       0x10 ./KPD_program.o
 *(.rodata)
 *(.rodata*)
 .rodata.C.0.1287
                0x008001a8        0xa ./SSD_program.o
 .rodata.C.9.1592
                0x008001b2        0x8 ./main.o
 *(.gnu.linkonce.d*)
                0x008001ba                . = ALIGN (0x2)
                0x008001ba                _edata = .
                0x008001ba                PROVIDE (__data_end, .)

.bss            0x008001ba       0x24
                0x008001ba                PROVIDE (__bss_start, .)
 *(.bss)
 .bss           0x008001ba        0x0 d:/courses/imt/imt tools/sdk/imt_sdk_win_64/winavr/bin/../lib/gcc/avr/4.3.3/../../../../avr/lib/avr5/crtm32.o
 .bss           0x008001ba        0x0 ./ADC_program.o
 .bss           0x008001ba        0x0 ./CLCD_program.o
 .bss           0x008001ba        0x0 ./DIO_program.o
 .bss           0x008001ba        0x0 ./GIE_program.o
 .bss           0x008001ba        0x0 ./KPD_program.o
 .bss           0x008001ba        0x0 ./PORT_program.o
 .bss           0x008001ba        0x0 ./SERVO_program.o
 .bss           0x008001ba        0x0 ./SPI_program.o
 .bss           0x008001ba        0x0 ./SSD_program.o
 .bss           0x008001ba        0x0 ./TIMER0_program.o
 .bss           0x008001ba        0x0 ./TIMER1_program.o
 .bss           0x008001ba        0x0 ./TIMER2_program.o
 .bss           0x008001ba        0x0 ./main.o
 .bss           0x008001ba        0x0 d:/courses/imt/imt tools/sdk/imt_sdk_win_64/winavr/bin/../lib/gcc/avr/4.3.3/avr5\libgcc.a(_mulsi3.o)
 .bss           0x008001ba        0x0 d:/courses/imt/imt tools/sdk/imt_sdk_win_64/winavr/bin/../lib/gcc/avr/4.3.3/avr5\libgcc.a(_udivmodhi4.o)
 .bss           0x008001ba        0x0 d:/courses/imt/imt tools/sdk/imt_sdk_win_64/winavr/bin/../lib/gcc/avr/4.3.3/avr5\libgcc.a(_udivmodsi4.o)
 .bss           0x008001ba        0x0 d:/courses/imt/imt tools/sdk/imt_sdk_win_64/winavr/bin/../lib/gcc/avr/4.3.3/avr5\libgcc.a(_divmodsi4.o)
 .bss           0x008001ba        0x0 d:/courses/imt/imt tools/sdk/imt_sdk_win_64/winavr/bin/../lib/gcc/avr/4.3.3/avr5\libgcc.a(_exit.o)
 .bss           0x008001ba        0x0 d:/courses/imt/imt tools/sdk/imt_sdk_win_64/winavr/bin/../lib/gcc/avr/4.3.3/avr5\libgcc.a(_copy_data.o)
 .bss           0x008001ba        0x0 d:/courses/imt/imt tools/sdk/imt_sdk_win_64/winavr/bin/../lib/gcc/avr/4.3.3/avr5\libgcc.a(_clear_bss.o)
 .bss           0x008001ba        0x0 d:/courses/imt/imt tools/sdk/imt_sdk_win_64/winavr/bin/../lib/gcc/avr/4.3.3/avr5\libgcc.a(_fixunssfsi.o)
 .bss           0x008001ba        0x0 d:/courses/imt/imt tools/sdk/imt_sdk_win_64/winavr/bin/../lib/gcc/avr/4.3.3/avr5\libgcc.a(_addsub_sf.o)
 .bss           0x008001ba        0x0 d:/courses/imt/imt tools/sdk/imt_sdk_win_64/winavr/bin/../lib/gcc/avr/4.3.3/avr5\libgcc.a(_mul_sf.o)
 .bss           0x008001ba        0x0 d:/courses/imt/imt tools/sdk/imt_sdk_win_64/winavr/bin/../lib/gcc/avr/4.3.3/avr5\libgcc.a(_gt_sf.o)
 .bss           0x008001ba        0x0 d:/courses/imt/imt tools/sdk/imt_sdk_win_64/winavr/bin/../lib/gcc/avr/4.3.3/avr5\libgcc.a(_ge_sf.o)
 .bss           0x008001ba        0x0 d:/courses/imt/imt tools/sdk/imt_sdk_win_64/winavr/bin/../lib/gcc/avr/4.3.3/avr5\libgcc.a(_lt_sf.o)
 .bss           0x008001ba        0x0 d:/courses/imt/imt tools/sdk/imt_sdk_win_64/winavr/bin/../lib/gcc/avr/4.3.3/avr5\libgcc.a(_sf_to_si.o)
 .bss           0x008001ba        0x0 d:/courses/imt/imt tools/sdk/imt_sdk_win_64/winavr/bin/../lib/gcc/avr/4.3.3/avr5\libgcc.a(_thenan_sf.o)
 .bss           0x008001ba        0x0 d:/courses/imt/imt tools/sdk/imt_sdk_win_64/winavr/bin/../lib/gcc/avr/4.3.3/avr5\libgcc.a(_prologue.o)
 .bss           0x008001ba        0x0 d:/courses/imt/imt tools/sdk/imt_sdk_win_64/winavr/bin/../lib/gcc/avr/4.3.3/avr5\libgcc.a(_epilogue.o)
 .bss           0x008001ba        0x0 d:/courses/imt/imt tools/sdk/imt_sdk_win_64/winavr/bin/../lib/gcc/avr/4.3.3/avr5\libgcc.a(_pack_sf.o)
 .bss           0x008001ba        0x0 d:/courses/imt/imt tools/sdk/imt_sdk_win_64/winavr/bin/../lib/gcc/avr/4.3.3/avr5\libgcc.a(_unpack_sf.o)
 .bss           0x008001ba        0x0 d:/courses/imt/imt tools/sdk/imt_sdk_win_64/winavr/bin/../lib/gcc/avr/4.3.3/avr5\libgcc.a(_fpcmp_parts_sf.o)
 *(.bss*)
 .bss.ADC_u8ISRState
                0x008001ba        0x1 ./ADC_program.o
                0x008001ba                ADC_u8ISRState
 .bss.ADC_pu8Reading
                0x008001bb        0x2 ./ADC_program.o
 .bss.ADC_pvCallBackNotificationFunc
                0x008001bd        0x2 ./ADC_program.o
 .bss.ADC_u8BusyState
                0x008001bf        0x1 ./ADC_program.o
                0x008001bf                ADC_u8BusyState
 .bss.ADC_ChainArr
                0x008001c0        0x2 ./ADC_program.o
 .bss.ADC_u8ChainLength
                0x008001c2        0x1 ./ADC_program.o
 .bss.ADC_u8ChainIndex
                0x008001c3        0x1 ./ADC_program.o
 .bss.SPI_pvCallBackNotificationFunc
                0x008001c4        0x2 ./SPI_program.o
 .bss.SPI_pu8ReceivedData
                0x008001c6        0x2 ./SPI_program.o
 .bss.SPI_pu8SendData
                0x008001c8        0x2 ./SPI_program.o
 .bss.SPI_u8BusyState
                0x008001ca        0x1 ./SPI_program.o
                0x008001ca                SPI_u8BusyState
 .bss.TIMER0_pvCallBackFunc
                0x008001cb        0x4 ./TIMER0_program.o
 .bss.TIMER1_pvCallBackFunc
                0x008001cf        0x8 ./TIMER1_program.o
 .bss.TIMER2_pvCallBackFunc
                0x008001d7        0x4 ./TIMER2_program.o
 .bss.Global_u8Flag
                0x008001db        0x1 ./main.o
                0x008001db                Global_u8Flag
 *(COMMON)
 COMMON         0x008001dc        0x2 ./main.o
                0x008001dc                App_u8ADCReading1
                0x008001dd                App_u8ADCReading2
                0x008001de                PROVIDE (__bss_end, .)
                0x0000562c                __data_load_start = LOADADDR (.data)
                0x00005786                __data_load_end = (__data_load_start + SIZEOF (.data))

.noinit         0x008001de        0x0
                0x008001de                PROVIDE (__noinit_start, .)
 *(.noinit*)
                0x008001de                PROVIDE (__noinit_end, .)
                0x008001de                _end = .
                0x008001de                PROVIDE (__heap_start, .)

.eeprom         0x00810000        0x0
 *(.eeprom*)
                0x00810000                __eeprom_end = .

.fuse
 *(.fuse)
 *(.lfuse)
 *(.hfuse)
 *(.efuse)

.lock
 *(.lock*)

.signature
 *(.signature*)

.stab           0x00000000     0x5220
 *(.stab)
 .stab          0x00000000      0x744 ./ADC_program.o
 .stab          0x00000744      0x8f4 ./CLCD_program.o
                                0x96c (size before relaxing)
 .stab          0x00001038      0x3d8 ./DIO_program.o
                                0x450 (size before relaxing)
 .stab          0x00001410      0x144 ./GIE_program.o
                                0x1bc (size before relaxing)
 .stab          0x00001554      0x240 ./KPD_program.o
                                0x2b8 (size before relaxing)
 .stab          0x00001794      0x168 ./PORT_program.o
                                0x1e0 (size before relaxing)
 .stab          0x000018fc      0x1a4 ./SERVO_program.o
                                0x21c (size before relaxing)
 .stab          0x00001aa0      0x3d8 ./SPI_program.o
                                0x450 (size before relaxing)
 .stab          0x00001e78      0x3cc ./SSD_program.o
                                0x5d0 (size before relaxing)
 .stab          0x00002244      0x4ec ./TIMER0_program.o
                                0x564 (size before relaxing)
 .stab          0x00002730      0xa68 ./TIMER1_program.o
                                0xae0 (size before relaxing)
 .stab          0x00003198      0x4ec ./TIMER2_program.o
                                0x564 (size before relaxing)
 .stab          0x00003684     0x1b9c ./main.o
                               0x1dac (size before relaxing)

.stabstr        0x00000000     0x1d2f
 *(.stabstr)
 .stabstr       0x00000000     0x1d2f ./ADC_program.o

.stab.excl
 *(.stab.excl)

.stab.exclstr
 *(.stab.exclstr)

.stab.index
 *(.stab.index)

.stab.indexstr
 *(.stab.indexstr)

.comment
 *(.comment)

.debug
 *(.debug)

.line
 *(.line)

.debug_srcinfo
 *(.debug_srcinfo)

.debug_sfnames
 *(.debug_sfnames)

.debug_aranges  0x00000000      0x140
 *(.debug_aranges)
 .debug_aranges
                0x00000000       0x20 d:/courses/imt/imt tools/sdk/imt_sdk_win_64/winavr/bin/../lib/gcc/avr/4.3.3/avr5\libgcc.a(_fixunssfsi.o)
 .debug_aranges
                0x00000020       0x20 d:/courses/imt/imt tools/sdk/imt_sdk_win_64/winavr/bin/../lib/gcc/avr/4.3.3/avr5\libgcc.a(_addsub_sf.o)
 .debug_aranges
                0x00000040       0x20 d:/courses/imt/imt tools/sdk/imt_sdk_win_64/winavr/bin/../lib/gcc/avr/4.3.3/avr5\libgcc.a(_mul_sf.o)
 .debug_aranges
                0x00000060       0x20 d:/courses/imt/imt tools/sdk/imt_sdk_win_64/winavr/bin/../lib/gcc/avr/4.3.3/avr5\libgcc.a(_gt_sf.o)
 .debug_aranges
                0x00000080       0x20 d:/courses/imt/imt tools/sdk/imt_sdk_win_64/winavr/bin/../lib/gcc/avr/4.3.3/avr5\libgcc.a(_ge_sf.o)
 .debug_aranges
                0x000000a0       0x20 d:/courses/imt/imt tools/sdk/imt_sdk_win_64/winavr/bin/../lib/gcc/avr/4.3.3/avr5\libgcc.a(_lt_sf.o)
 .debug_aranges
                0x000000c0       0x20 d:/courses/imt/imt tools/sdk/imt_sdk_win_64/winavr/bin/../lib/gcc/avr/4.3.3/avr5\libgcc.a(_sf_to_si.o)
 .debug_aranges
                0x000000e0       0x20 d:/courses/imt/imt tools/sdk/imt_sdk_win_64/winavr/bin/../lib/gcc/avr/4.3.3/avr5\libgcc.a(_pack_sf.o)
 .debug_aranges
                0x00000100       0x20 d:/courses/imt/imt tools/sdk/imt_sdk_win_64/winavr/bin/../lib/gcc/avr/4.3.3/avr5\libgcc.a(_unpack_sf.o)
 .debug_aranges
                0x00000120       0x20 d:/courses/imt/imt tools/sdk/imt_sdk_win_64/winavr/bin/../lib/gcc/avr/4.3.3/avr5\libgcc.a(_fpcmp_parts_sf.o)

.debug_pubnames
                0x00000000      0x170
 *(.debug_pubnames)
 .debug_pubnames
                0x00000000       0x23 d:/courses/imt/imt tools/sdk/imt_sdk_win_64/winavr/bin/../lib/gcc/avr/4.3.3/avr5\libgcc.a(_fixunssfsi.o)
 .debug_pubnames
                0x00000023       0x2c d:/courses/imt/imt tools/sdk/imt_sdk_win_64/winavr/bin/../lib/gcc/avr/4.3.3/avr5\libgcc.a(_addsub_sf.o)
 .debug_pubnames
                0x0000004f       0x1f d:/courses/imt/imt tools/sdk/imt_sdk_win_64/winavr/bin/../lib/gcc/avr/4.3.3/avr5\libgcc.a(_mul_sf.o)
 .debug_pubnames
                0x0000006e       0x1e d:/courses/imt/imt tools/sdk/imt_sdk_win_64/winavr/bin/../lib/gcc/avr/4.3.3/avr5\libgcc.a(_gt_sf.o)
 .debug_pubnames
                0x0000008c       0x1e d:/courses/imt/imt tools/sdk/imt_sdk_win_64/winavr/bin/../lib/gcc/avr/4.3.3/avr5\libgcc.a(_ge_sf.o)
 .debug_pubnames
                0x000000aa       0x1e d:/courses/imt/imt tools/sdk/imt_sdk_win_64/winavr/bin/../lib/gcc/avr/4.3.3/avr5\libgcc.a(_lt_sf.o)
 .debug_pubnames
                0x000000c8       0x20 d:/courses/imt/imt tools/sdk/imt_sdk_win_64/winavr/bin/../lib/gcc/avr/4.3.3/avr5\libgcc.a(_sf_to_si.o)
 .debug_pubnames
                0x000000e8       0x22 d:/courses/imt/imt tools/sdk/imt_sdk_win_64/winavr/bin/../lib/gcc/avr/4.3.3/avr5\libgcc.a(_thenan_sf.o)
 .debug_pubnames
                0x0000010a       0x1f d:/courses/imt/imt tools/sdk/imt_sdk_win_64/winavr/bin/../lib/gcc/avr/4.3.3/avr5\libgcc.a(_pack_sf.o)
 .debug_pubnames
                0x00000129       0x21 d:/courses/imt/imt tools/sdk/imt_sdk_win_64/winavr/bin/../lib/gcc/avr/4.3.3/avr5\libgcc.a(_unpack_sf.o)
 .debug_pubnames
                0x0000014a       0x26 d:/courses/imt/imt tools/sdk/imt_sdk_win_64/winavr/bin/../lib/gcc/avr/4.3.3/avr5\libgcc.a(_fpcmp_parts_sf.o)

.debug_info     0x00000000     0x1c49
 *(.debug_info)
 .debug_info    0x00000000       0xb1 d:/courses/imt/imt tools/sdk/imt_sdk_win_64/winavr/bin/../lib/gcc/avr/4.3.3/avr5\libgcc.a(_fixunssfsi.o)
 .debug_info    0x000000b1      0x47a d:/courses/imt/imt tools/sdk/imt_sdk_win_64/winavr/bin/../lib/gcc/avr/4.3.3/avr5\libgcc.a(_addsub_sf.o)
 .debug_info    0x0000052b      0x485 d:/courses/imt/imt tools/sdk/imt_sdk_win_64/winavr/bin/../lib/gcc/avr/4.3.3/avr5\libgcc.a(_mul_sf.o)
 .debug_info    0x000009b0      0x27f d:/courses/imt/imt tools/sdk/imt_sdk_win_64/winavr/bin/../lib/gcc/avr/4.3.3/avr5\libgcc.a(_gt_sf.o)
 .debug_info    0x00000c2f      0x27f d:/courses/imt/imt tools/sdk/imt_sdk_win_64/winavr/bin/../lib/gcc/avr/4.3.3/avr5\libgcc.a(_ge_sf.o)
 .debug_info    0x00000eae      0x27f d:/courses/imt/imt tools/sdk/imt_sdk_win_64/winavr/bin/../lib/gcc/avr/4.3.3/avr5\libgcc.a(_lt_sf.o)
 .debug_info    0x0000112d      0x2b0 d:/courses/imt/imt tools/sdk/imt_sdk_win_64/winavr/bin/../lib/gcc/avr/4.3.3/avr5\libgcc.a(_sf_to_si.o)
 .debug_info    0x000013dd      0x12c d:/courses/imt/imt tools/sdk/imt_sdk_win_64/winavr/bin/../lib/gcc/avr/4.3.3/avr5\libgcc.a(_thenan_sf.o)
 .debug_info    0x00001509      0x2df d:/courses/imt/imt tools/sdk/imt_sdk_win_64/winavr/bin/../lib/gcc/avr/4.3.3/avr5\libgcc.a(_pack_sf.o)
 .debug_info    0x000017e8      0x251 d:/courses/imt/imt tools/sdk/imt_sdk_win_64/winavr/bin/../lib/gcc/avr/4.3.3/avr5\libgcc.a(_unpack_sf.o)
 .debug_info    0x00001a39      0x210 d:/courses/imt/imt tools/sdk/imt_sdk_win_64/winavr/bin/../lib/gcc/avr/4.3.3/avr5\libgcc.a(_fpcmp_parts_sf.o)
 *(.gnu.linkonce.wi.*)

.debug_abbrev   0x00000000      0xeeb
 *(.debug_abbrev)
 .debug_abbrev  0x00000000       0x5d d:/courses/imt/imt tools/sdk/imt_sdk_win_64/winavr/bin/../lib/gcc/avr/4.3.3/avr5\libgcc.a(_fixunssfsi.o)
 .debug_abbrev  0x0000005d      0x1ea d:/courses/imt/imt tools/sdk/imt_sdk_win_64/winavr/bin/../lib/gcc/avr/4.3.3/avr5\libgcc.a(_addsub_sf.o)
 .debug_abbrev  0x00000247      0x21b d:/courses/imt/imt tools/sdk/imt_sdk_win_64/winavr/bin/../lib/gcc/avr/4.3.3/avr5\libgcc.a(_mul_sf.o)
 .debug_abbrev  0x00000462      0x15a d:/courses/imt/imt tools/sdk/imt_sdk_win_64/winavr/bin/../lib/gcc/avr/4.3.3/avr5\libgcc.a(_gt_sf.o)
 .debug_abbrev  0x000005bc      0x15a d:/courses/imt/imt tools/sdk/imt_sdk_win_64/winavr/bin/../lib/gcc/avr/4.3.3/avr5\libgcc.a(_ge_sf.o)
 .debug_abbrev  0x00000716      0x15a d:/courses/imt/imt tools/sdk/imt_sdk_win_64/winavr/bin/../lib/gcc/avr/4.3.3/avr5\libgcc.a(_lt_sf.o)
 .debug_abbrev  0x00000870      0x17f d:/courses/imt/imt tools/sdk/imt_sdk_win_64/winavr/bin/../lib/gcc/avr/4.3.3/avr5\libgcc.a(_sf_to_si.o)
 .debug_abbrev  0x000009ef       0xad d:/courses/imt/imt tools/sdk/imt_sdk_win_64/winavr/bin/../lib/gcc/avr/4.3.3/avr5\libgcc.a(_thenan_sf.o)
 .debug_abbrev  0x00000a9c      0x1c0 d:/courses/imt/imt tools/sdk/imt_sdk_win_64/winavr/bin/../lib/gcc/avr/4.3.3/avr5\libgcc.a(_pack_sf.o)
 .debug_abbrev  0x00000c5c      0x154 d:/courses/imt/imt tools/sdk/imt_sdk_win_64/winavr/bin/../lib/gcc/avr/4.3.3/avr5\libgcc.a(_unpack_sf.o)
 .debug_abbrev  0x00000db0      0x13b d:/courses/imt/imt tools/sdk/imt_sdk_win_64/winavr/bin/../lib/gcc/avr/4.3.3/avr5\libgcc.a(_fpcmp_parts_sf.o)

.debug_line     0x00000000      0xdad
 *(.debug_line)
 .debug_line    0x00000000       0xa7 d:/courses/imt/imt tools/sdk/imt_sdk_win_64/winavr/bin/../lib/gcc/avr/4.3.3/avr5\libgcc.a(_fixunssfsi.o)
 .debug_line    0x000000a7      0x2af d:/courses/imt/imt tools/sdk/imt_sdk_win_64/winavr/bin/../lib/gcc/avr/4.3.3/avr5\libgcc.a(_addsub_sf.o)
 .debug_line    0x00000356      0x239 d:/courses/imt/imt tools/sdk/imt_sdk_win_64/winavr/bin/../lib/gcc/avr/4.3.3/avr5\libgcc.a(_mul_sf.o)
 .debug_line    0x0000058f       0xd3 d:/courses/imt/imt tools/sdk/imt_sdk_win_64/winavr/bin/../lib/gcc/avr/4.3.3/avr5\libgcc.a(_gt_sf.o)
 .debug_line    0x00000662       0xd3 d:/courses/imt/imt tools/sdk/imt_sdk_win_64/winavr/bin/../lib/gcc/avr/4.3.3/avr5\libgcc.a(_ge_sf.o)
 .debug_line    0x00000735       0xd3 d:/courses/imt/imt tools/sdk/imt_sdk_win_64/winavr/bin/../lib/gcc/avr/4.3.3/avr5\libgcc.a(_lt_sf.o)
 .debug_line    0x00000808      0x109 d:/courses/imt/imt tools/sdk/imt_sdk_win_64/winavr/bin/../lib/gcc/avr/4.3.3/avr5\libgcc.a(_sf_to_si.o)
 .debug_line    0x00000911       0x90 d:/courses/imt/imt tools/sdk/imt_sdk_win_64/winavr/bin/../lib/gcc/avr/4.3.3/avr5\libgcc.a(_thenan_sf.o)
 .debug_line    0x000009a1      0x18a d:/courses/imt/imt tools/sdk/imt_sdk_win_64/winavr/bin/../lib/gcc/avr/4.3.3/avr5\libgcc.a(_pack_sf.o)
 .debug_line    0x00000b2b      0x14b d:/courses/imt/imt tools/sdk/imt_sdk_win_64/winavr/bin/../lib/gcc/avr/4.3.3/avr5\libgcc.a(_unpack_sf.o)
 .debug_line    0x00000c76      0x137 d:/courses/imt/imt tools/sdk/imt_sdk_win_64/winavr/bin/../lib/gcc/avr/4.3.3/avr5\libgcc.a(_fpcmp_parts_sf.o)

.debug_frame    0x00000000      0x160
 *(.debug_frame)
 .debug_frame   0x00000000       0x20 d:/courses/imt/imt tools/sdk/imt_sdk_win_64/winavr/bin/../lib/gcc/avr/4.3.3/avr5\libgcc.a(_fixunssfsi.o)
 .debug_frame   0x00000020       0x40 d:/courses/imt/imt tools/sdk/imt_sdk_win_64/winavr/bin/../lib/gcc/avr/4.3.3/avr5\libgcc.a(_addsub_sf.o)
 .debug_frame   0x00000060       0x20 d:/courses/imt/imt tools/sdk/imt_sdk_win_64/winavr/bin/../lib/gcc/avr/4.3.3/avr5\libgcc.a(_mul_sf.o)
 .debug_frame   0x00000080       0x20 d:/courses/imt/imt tools/sdk/imt_sdk_win_64/winavr/bin/../lib/gcc/avr/4.3.3/avr5\libgcc.a(_gt_sf.o)
 .debug_frame   0x000000a0       0x20 d:/courses/imt/imt tools/sdk/imt_sdk_win_64/winavr/bin/../lib/gcc/avr/4.3.3/avr5\libgcc.a(_ge_sf.o)
 .debug_frame   0x000000c0       0x20 d:/courses/imt/imt tools/sdk/imt_sdk_win_64/winavr/bin/../lib/gcc/avr/4.3.3/avr5\libgcc.a(_lt_sf.o)
 .debug_frame   0x000000e0       0x20 d:/courses/imt/imt tools/sdk/imt_sdk_win_64/winavr/bin/../lib/gcc/avr/4.3.3/avr5\libgcc.a(_sf_to_si.o)
 .debug_frame   0x00000100       0x20 d:/courses/imt/imt tools/sdk/imt_sdk_win_64/winavr/bin/../lib/gcc/avr/4.3.3/avr5\libgcc.a(_pack_sf.o)
 .debug_frame   0x00000120       0x20 d:/courses/imt/imt tools/sdk/imt_sdk_win_64/winavr/bin/../lib/gcc/avr/4.3.3/avr5\libgcc.a(_unpack_sf.o)
 .debug_frame   0x00000140       0x20 d:/courses/imt/imt tools/sdk/imt_sdk_win_64/winavr/bin/../lib/gcc/avr/4.3.3/avr5\libgcc.a(_fpcmp_parts_sf.o)

.debug_str      0x00000000      0x28d
 *(.debug_str)
 .debug_str     0x00000000       0xbf d:/courses/imt/imt tools/sdk/imt_sdk_win_64/winavr/bin/../lib/gcc/avr/4.3.3/avr5\libgcc.a(_fixunssfsi.o)
                                 0xfe (size before relaxing)
 .debug_str     0x000000bf      0x14d d:/courses/imt/imt tools/sdk/imt_sdk_win_64/winavr/bin/../lib/gcc/avr/4.3.3/avr5\libgcc.a(_addsub_sf.o)
                                0x206 (size before relaxing)
 .debug_str     0x0000020c       0x27 d:/courses/imt/imt tools/sdk/imt_sdk_win_64/winavr/bin/../lib/gcc/avr/4.3.3/avr5\libgcc.a(_mul_sf.o)
                                0x1bf (size before relaxing)
 .debug_str     0x00000233        0xf d:/courses/imt/imt tools/sdk/imt_sdk_win_64/winavr/bin/../lib/gcc/avr/4.3.3/avr5\libgcc.a(_gt_sf.o)
                                0x195 (size before relaxing)
 .debug_str     0x00000242        0x8 d:/courses/imt/imt tools/sdk/imt_sdk_win_64/winavr/bin/../lib/gcc/avr/4.3.3/avr5\libgcc.a(_ge_sf.o)
                                0x195 (size before relaxing)
 .debug_str     0x0000024a        0x8 d:/courses/imt/imt tools/sdk/imt_sdk_win_64/winavr/bin/../lib/gcc/avr/4.3.3/avr5\libgcc.a(_lt_sf.o)
                                0x195 (size before relaxing)
 .debug_str     0x00000252        0xa d:/courses/imt/imt tools/sdk/imt_sdk_win_64/winavr/bin/../lib/gcc/avr/4.3.3/avr5\libgcc.a(_sf_to_si.o)
                                0x19e (size before relaxing)
 .debug_str     0x00000000      0x103 d:/courses/imt/imt tools/sdk/imt_sdk_win_64/winavr/bin/../lib/gcc/avr/4.3.3/avr5\libgcc.a(_thenan_sf.o)
 .debug_str     0x0000025c       0x16 d:/courses/imt/imt tools/sdk/imt_sdk_win_64/winavr/bin/../lib/gcc/avr/4.3.3/avr5\libgcc.a(_pack_sf.o)
                                0x19d (size before relaxing)
 .debug_str     0x00000272        0xb d:/courses/imt/imt tools/sdk/imt_sdk_win_64/winavr/bin/../lib/gcc/avr/4.3.3/avr5\libgcc.a(_unpack_sf.o)
                                0x17f (size before relaxing)
 .debug_str     0x0000027d       0x10 d:/courses/imt/imt tools/sdk/imt_sdk_win_64/winavr/bin/../lib/gcc/avr/4.3.3/avr5\libgcc.a(_fpcmp_parts_sf.o)
                                0x163 (size before relaxing)

.debug_loc      0x00000000      0x7ce
 *(.debug_loc)
 .debug_loc     0x00000000       0x34 d:/courses/imt/imt tools/sdk/imt_sdk_win_64/winavr/bin/../lib/gcc/avr/4.3.3/avr5\libgcc.a(_fixunssfsi.o)
 .debug_loc     0x00000034      0x32a d:/courses/imt/imt tools/sdk/imt_sdk_win_64/winavr/bin/../lib/gcc/avr/4.3.3/avr5\libgcc.a(_addsub_sf.o)
 .debug_loc     0x0000035e      0x104 d:/courses/imt/imt tools/sdk/imt_sdk_win_64/winavr/bin/../lib/gcc/avr/4.3.3/avr5\libgcc.a(_mul_sf.o)
 .debug_loc     0x00000462       0x3c d:/courses/imt/imt tools/sdk/imt_sdk_win_64/winavr/bin/../lib/gcc/avr/4.3.3/avr5\libgcc.a(_gt_sf.o)
 .debug_loc     0x0000049e       0x3c d:/courses/imt/imt tools/sdk/imt_sdk_win_64/winavr/bin/../lib/gcc/avr/4.3.3/avr5\libgcc.a(_ge_sf.o)
 .debug_loc     0x000004da       0x3c d:/courses/imt/imt tools/sdk/imt_sdk_win_64/winavr/bin/../lib/gcc/avr/4.3.3/avr5\libgcc.a(_lt_sf.o)
 .debug_loc     0x00000516       0x7e d:/courses/imt/imt tools/sdk/imt_sdk_win_64/winavr/bin/../lib/gcc/avr/4.3.3/avr5\libgcc.a(_sf_to_si.o)
 .debug_loc     0x00000594      0x13e d:/courses/imt/imt tools/sdk/imt_sdk_win_64/winavr/bin/../lib/gcc/avr/4.3.3/avr5\libgcc.a(_pack_sf.o)
 .debug_loc     0x000006d2       0xac d:/courses/imt/imt tools/sdk/imt_sdk_win_64/winavr/bin/../lib/gcc/avr/4.3.3/avr5\libgcc.a(_unpack_sf.o)
 .debug_loc     0x0000077e       0x50 d:/courses/imt/imt tools/sdk/imt_sdk_win_64/winavr/bin/../lib/gcc/avr/4.3.3/avr5\libgcc.a(_fpcmp_parts_sf.o)

.debug_macinfo
 *(.debug_macinfo)
OUTPUT(Smart_Home_v3.1.elf elf32-avr)
LOAD linker stubs

.debug_ranges   0x00000000       0x50
 .debug_ranges  0x00000000       0x50 d:/courses/imt/imt tools/sdk/imt_sdk_win_64/winavr/bin/../lib/gcc/avr/4.3.3/avr5\libgcc.a(_mul_sf.o)
